  Determining projects to restore...
  All projects are up-to-date for restore.
C:\Users\Yuvi\Desktop\projects\vexa\Vexa\MainWindow.xaml.cs(177,16): warning CS8603: Possible null reference return. [C:\Users\Yuvi\Desktop\projects\vexa\Vexa\Vexa_afvhviy4_wpftmp.csproj]
C:\Users\Yuvi\Desktop\projects\vexa\Vexa\MainWindow.xaml.cs(177,16): warning CS8603: Possible null reference return. [C:\Users\Yuvi\Desktop\projects\vexa\Vexa\Vexa.csproj]
C:\Program Files\dotnet\sdk\10.0.101\Microsoft.Common.CurrentVersion.targets(5381,5): warning MSB3026: Could not copy "C:\Users\Yuvi\Desktop\projects\vexa\Vexa\obj\Debug\net8.0-windows\win-x64\apphost.exe" to "bin\Debug\net8.0-windows\win-x64\Vexa.exe". Beginning retry 1 in 1000ms. The process cannot access the file 'C:\Users\Yuvi\Desktop\projects\vexa\Vexa\bin\Debug\net8.0-windows\win-x64\Vexa.exe' because it is being used by another process. The file is locked by: "Vexa (19072)" [C:\Users\Yuvi\Desktop\projects\vexa\Vexa\Vexa.csproj]
C:\Program Files\dotnet\sdk\10.0.101\Microsoft.Common.CurrentVersion.targets(5381,5): warning MSB3026: Could not copy "C:\Users\Yuvi\Desktop\projects\vexa\Vexa\obj\Debug\net8.0-windows\win-x64\apphost.exe" to "bin\Debug\net8.0-windows\win-x64\Vexa.exe". Beginning retry 2 in 1000ms. The process cannot access the file 'C:\Users\Yuvi\Desktop\projects\vexa\Vexa\bin\Debug\net8.0-windows\win-x64\Vexa.exe' because it is being used by another process. The file is locked by: "Vexa (19072)" [C:\Users\Yuvi\Desktop\projects\vexa\Vexa\Vexa.csproj]
C:\Program Files\dotnet\sdk\10.0.101\Microsoft.Common.CurrentVersion.targets(5381,5): warning MSB3026: Could not copy "C:\Users\Yuvi\Desktop\projects\vexa\Vexa\obj\Debug\net8.0-windows\win-x64\apphost.exe" to "bin\Debug\net8.0-windows\win-x64\Vexa.exe". Beginning retry 3 in 1000ms. The process cannot access the file 'C:\Users\Yuvi\Desktop\projects\vexa\Vexa\bin\Debug\net8.0-windows\win-x64\Vexa.exe' because it is being used by another process. The file is locked by: "Vexa (19072)" [C:\Users\Yuvi\Desktop\projects\vexa\Vexa\Vexa.csproj]
C:\Program Files\dotnet\sdk\10.0.101\Microsoft.Common.CurrentVersion.targets(5381,5): warning MSB3026: Could not copy "C:\Users\Yuvi\Desktop\projects\vexa\Vexa\obj\Debug\net8.0-windows\win-x64\apphost.exe" to "bin\Debug\net8.0-windows\win-x64\Vexa.exe". Beginning retry 4 in 1000ms. The process cannot access the file 'C:\Users\Yuvi\Desktop\projects\vexa\Vexa\bin\Debug\net8.0-windows\win-x64\Vexa.exe' because it is being used by another process. The file is locked by: "Vexa (19072)" [C:\Users\Yuvi\Desktop\projects\vexa\Vexa\Vexa.csproj]
C:\Program Files\dotnet\sdk\10.0.101\Microsoft.Common.CurrentVersion.targets(5381,5): warning MSB3026: Could not copy "C:\Users\Yuvi\Desktop\projects\vexa\Vexa\obj\Debug\net8.0-windows\win-x64\apphost.exe" to "bin\Debug\net8.0-windows\win-x64\Vexa.exe". Beginning retry 5 in 1000ms. The process cannot access the file 'C:\Users\Yuvi\Desktop\projects\vexa\Vexa\bin\Debug\net8.0-windows\win-x64\Vexa.exe' because it is being used by another process. The file is locked by: "Vexa (19072)" [C:\Users\Yuvi\Desktop\projects\vexa\Vexa\Vexa.csproj]
C:\Program Files\dotnet\sdk\10.0.101\Microsoft.Common.CurrentVersion.targets(5381,5): warning MSB3026: Could not copy "C:\Users\Yuvi\Desktop\projects\vexa\Vexa\obj\Debug\net8.0-windows\win-x64\apphost.exe" to "bin\Debug\net8.0-windows\win-x64\Vexa.exe". Beginning retry 6 in 1000ms. The process cannot access the file 'C:\Users\Yuvi\Desktop\projects\vexa\Vexa\bin\Debug\net8.0-windows\win-x64\Vexa.exe' because it is being used by another process. The file is locked by: "Vexa (19072)" [C:\Users\Yuvi\Desktop\projects\vexa\Vexa\Vexa.csproj]
C:\Program Files\dotnet\sdk\10.0.101\Microsoft.Common.CurrentVersion.targets(5381,5): warning MSB3026: Could not copy "C:\Users\Yuvi\Desktop\projects\vexa\Vexa\obj\Debug\net8.0-windows\win-x64\apphost.exe" to "bin\Debug\net8.0-windows\win-x64\Vexa.exe". Beginning retry 7 in 1000ms. The process cannot access the file 'C:\Users\Yuvi\Desktop\projects\vexa\Vexa\bin\Debug\net8.0-windows\win-x64\Vexa.exe' because it is being used by another process. The file is locked by: "Vexa (19072)" [C:\Users\Yuvi\Desktop\projects\vexa\Vexa\Vexa.csproj]
C:\Program Files\dotnet\sdk\10.0.101\Microsoft.Common.CurrentVersion.targets(5381,5): warning MSB3026: Could not copy "C:\Users\Yuvi\Desktop\projects\vexa\Vexa\obj\Debug\net8.0-windows\win-x64\apphost.exe" to "bin\Debug\net8.0-windows\win-x64\Vexa.exe". Beginning retry 8 in 1000ms. The process cannot access the file 'C:\Users\Yuvi\Desktop\projects\vexa\Vexa\bin\Debug\net8.0-windows\win-x64\Vexa.exe' because it is being used by another process. The file is locked by: "Vexa (19072)" [C:\Users\Yuvi\Desktop\projects\vexa\Vexa\Vexa.csproj]
C:\Program Files\dotnet\sdk\10.0.101\Microsoft.Common.CurrentVersion.targets(5381,5): warning MSB3026: Could not copy "C:\Users\Yuvi\Desktop\projects\vexa\Vexa\obj\Debug\net8.0-windows\win-x64\apphost.exe" to "bin\Debug\net8.0-windows\win-x64\Vexa.exe". Beginning retry 9 in 1000ms. The process cannot access the file 'C:\Users\Yuvi\Desktop\projects\vexa\Vexa\bin\Debug\net8.0-windows\win-x64\Vexa.exe' because it is being used by another process. The file is locked by: "Vexa (19072)" [C:\Users\Yuvi\Desktop\projects\vexa\Vexa\Vexa.csproj]
C:\Program Files\dotnet\sdk\10.0.101\Microsoft.Common.CurrentVersion.targets(5381,5): warning MSB3026: Could not copy "C:\Users\Yuvi\Desktop\projects\vexa\Vexa\obj\Debug\net8.0-windows\win-x64\apphost.exe" to "bin\Debug\net8.0-windows\win-x64\Vexa.exe". Beginning retry 10 in 1000ms. The process cannot access the file 'C:\Users\Yuvi\Desktop\projects\vexa\Vexa\bin\Debug\net8.0-windows\win-x64\Vexa.exe' because it is being used by another process. The file is locked by: "Vexa.exe (19072)" [C:\Users\Yuvi\Desktop\projects\vexa\Vexa\Vexa.csproj]
  Vexa -> C:\Users\Yuvi\Desktop\projects\vexa\Vexa\bin\Debug\net8.0-windows\win-x64\Vexa.dll

Build succeeded.

C:\Users\Yuvi\Desktop\projects\vexa\Vexa\MainWindow.xaml.cs(177,16): warning CS8603: Possible null reference return. [C:\Users\Yuvi\Desktop\projects\vexa\Vexa\Vexa_afvhviy4_wpftmp.csproj]
C:\Users\Yuvi\Desktop\projects\vexa\Vexa\MainWindow.xaml.cs(177,16): warning CS8603: Possible null reference return. [C:\Users\Yuvi\Desktop\projects\vexa\Vexa\Vexa.csproj]
C:\Program Files\dotnet\sdk\10.0.101\Microsoft.Common.CurrentVersion.targets(5381,5): warning MSB3026: Could not copy "C:\Users\Yuvi\Desktop\projects\vexa\Vexa\obj\Debug\net8.0-windows\win-x64\apphost.exe" to "bin\Debug\net8.0-windows\win-x64\Vexa.exe". Beginning retry 1 in 1000ms. The process cannot access the file 'C:\Users\Yuvi\Desktop\projects\vexa\Vexa\bin\Debug\net8.0-windows\win-x64\Vexa.exe' because it is being used by another process. The file is locked by: "Vexa (19072)" [C:\Users\Yuvi\Desktop\projects\vexa\Vexa\Vexa.csproj]
C:\Program Files\dotnet\sdk\10.0.101\Microsoft.Common.CurrentVersion.targets(5381,5): warning MSB3026: Could not copy "C:\Users\Yuvi\Desktop\projects\vexa\Vexa\obj\Debug\net8.0-windows\win-x64\apphost.exe" to "bin\Debug\net8.0-windows\win-x64\Vexa.exe". Beginning retry 2 in 1000ms. The process cannot access the file 'C:\Users\Yuvi\Desktop\projects\vexa\Vexa\bin\Debug\net8.0-windows\win-x64\Vexa.exe' because it is being used by another process. The file is locked by: "Vexa (19072)" [C:\Users\Yuvi\Desktop\projects\vexa\Vexa\Vexa.csproj]
C:\Program Files\dotnet\sdk\10.0.101\Microsoft.Common.CurrentVersion.targets(5381,5): warning MSB3026: Could not copy "C:\Users\Yuvi\Desktop\projects\vexa\Vexa\obj\Debug\net8.0-windows\win-x64\apphost.exe" to "bin\Debug\net8.0-windows\win-x64\Vexa.exe". Beginning retry 3 in 1000ms. The process cannot access the file 'C:\Users\Yuvi\Desktop\projects\vexa\Vexa\bin\Debug\net8.0-windows\win-x64\Vexa.exe' because it is being used by another process. The file is locked by: "Vexa (19072)" [C:\Users\Yuvi\Desktop\projects\vexa\Vexa\Vexa.csproj]
C:\Program Files\dotnet\sdk\10.0.101\Microsoft.Common.CurrentVersion.targets(5381,5): warning MSB3026: Could not copy "C:\Users\Yuvi\Desktop\projects\vexa\Vexa\obj\Debug\net8.0-windows\win-x64\apphost.exe" to "bin\Debug\net8.0-windows\win-x64\Vexa.exe". Beginning retry 4 in 1000ms. The process cannot access the file 'C:\Users\Yuvi\Desktop\projects\vexa\Vexa\bin\Debug\net8.0-windows\win-x64\Vexa.exe' because it is being used by another process. The file is locked by: "Vexa (19072)" [C:\Users\Yuvi\Desktop\projects\vexa\Vexa\Vexa.csproj]
C:\Program Files\dotnet\sdk\10.0.101\Microsoft.Common.CurrentVersion.targets(5381,5): warning MSB3026: Could not copy "C:\Users\Yuvi\Desktop\projects\vexa\Vexa\obj\Debug\net8.0-windows\win-x64\apphost.exe" to "bin\Debug\net8.0-windows\win-x64\Vexa.exe". Beginning retry 5 in 1000ms. The process cannot access the file 'C:\Users\Yuvi\Desktop\projects\vexa\Vexa\bin\Debug\net8.0-windows\win-x64\Vexa.exe' because it is being used by another process. The file is locked by: "Vexa (19072)" [C:\Users\Yuvi\Desktop\projects\vexa\Vexa\Vexa.csproj]
C:\Program Files\dotnet\sdk\10.0.101\Microsoft.Common.CurrentVersion.targets(5381,5): warning MSB3026: Could not copy "C:\Users\Yuvi\Desktop\projects\vexa\Vexa\obj\Debug\net8.0-windows\win-x64\apphost.exe" to "bin\Debug\net8.0-windows\win-x64\Vexa.exe". Beginning retry 6 in 1000ms. The process cannot access the file 'C:\Users\Yuvi\Desktop\projects\vexa\Vexa\bin\Debug\net8.0-windows\win-x64\Vexa.exe' because it is being used by another process. The file is locked by: "Vexa (19072)" [C:\Users\Yuvi\Desktop\projects\vexa\Vexa\Vexa.csproj]
C:\Program Files\dotnet\sdk\10.0.101\Microsoft.Common.CurrentVersion.targets(5381,5): warning MSB3026: Could not copy "C:\Users\Yuvi\Desktop\projects\vexa\Vexa\obj\Debug\net8.0-windows\win-x64\apphost.exe" to "bin\Debug\net8.0-windows\win-x64\Vexa.exe". Beginning retry 7 in 1000ms. The process cannot access the file 'C:\Users\Yuvi\Desktop\projects\vexa\Vexa\bin\Debug\net8.0-windows\win-x64\Vexa.exe' because it is being used by another process. The file is locked by: "Vexa (19072)" [C:\Users\Yuvi\Desktop\projects\vexa\Vexa\Vexa.csproj]
C:\Program Files\dotnet\sdk\10.0.101\Microsoft.Common.CurrentVersion.targets(5381,5): warning MSB3026: Could not copy "C:\Users\Yuvi\Desktop\projects\vexa\Vexa\obj\Debug\net8.0-windows\win-x64\apphost.exe" to "bin\Debug\net8.0-windows\win-x64\Vexa.exe". Beginning retry 8 in 1000ms. The process cannot access the file 'C:\Users\Yuvi\Desktop\projects\vexa\Vexa\bin\Debug\net8.0-windows\win-x64\Vexa.exe' because it is being used by another process. The file is locked by: "Vexa (19072)" [C:\Users\Yuvi\Desktop\projects\vexa\Vexa\Vexa.csproj]
C:\Program Files\dotnet\sdk\10.0.101\Microsoft.Common.CurrentVersion.targets(5381,5): warning MSB3026: Could not copy "C:\Users\Yuvi\Desktop\projects\vexa\Vexa\obj\Debug\net8.0-windows\win-x64\apphost.exe" to "bin\Debug\net8.0-windows\win-x64\Vexa.exe". Beginning retry 9 in 1000ms. The process cannot access the file 'C:\Users\Yuvi\Desktop\projects\vexa\Vexa\bin\Debug\net8.0-windows\win-x64\Vexa.exe' because it is being used by another process. The file is locked by: "Vexa (19072)" [C:\Users\Yuvi\Desktop\projects\vexa\Vexa\Vexa.csproj]
C:\Program Files\dotnet\sdk\10.0.101\Microsoft.Common.CurrentVersion.targets(5381,5): warning MSB3026: Could not copy "C:\Users\Yuvi\Desktop\projects\vexa\Vexa\obj\Debug\net8.0-windows\win-x64\apphost.exe" to "bin\Debug\net8.0-windows\win-x64\Vexa.exe". Beginning retry 10 in 1000ms. The process cannot access the file 'C:\Users\Yuvi\Desktop\projects\vexa\Vexa\bin\Debug\net8.0-windows\win-x64\Vexa.exe' because it is being used by another process. The file is locked by: "Vexa.exe (19072)" [C:\Users\Yuvi\Desktop\projects\vexa\Vexa\Vexa.csproj]
    12 Warning(s)
    0 Error(s)

Time Elapsed 00:00:17.25
